nohup: ignoring input

> rest-express@1.0.0 dev
> NODE_ENV=development tsx server/index.ts

8:23:45 PM [express] serving on port 5002
8:24:01 PM [express] GET /api/products 200 in 2084ms :: [{"id":"5060482840179","name":"Apple & Raisi…
8:25:24 PM [express] GET /api/shopping-list 200 in 11ms :: []
8:25:24 PM [express] GET /api/supermarkets 200 in 2ms :: [{"id":"dd2a77b4-edcd-471e-8e55-1bb4a85f460…
8:25:24 PM [express] GET /api/health-criteria 200 in 3ms :: [{"id":"6f3071ea-f439-4f16-909b-aad56722…
8:25:31 PM [express] POST /api/shopping-list 201 in 4ms :: {"name":"wasser","quantity":"1x","complet…
8:25:31 PM [express] GET /api/shopping-list 200 in 5ms :: [{"name":"wasser","quantity":"1x","complet…
8:25:33 PM [express] GET /api/products 200 in 1913ms :: [{"id":"3057640257773","name":"Eau Minérale …
8:26:43 PM [vite] hmr update /src/components/product-suggestions.tsx, /src/index.css?v=SwRHMgj3Fie0aX-vNj5uT
8:26:46 PM [express] GET /api/products 304 in 852ms :: [{"id":"3057640257773","name":"Eau Minérale N…
8:46:57 PM [vite] hmr update /src/components/product-suggestions.tsx, /src/index.css?v=SwRHMgj3Fie0aX-vNj5uT
8:47:01 PM [express] GET /api/products 200 in 758ms :: [{"id":"3057640257773","name":"Eau Minérale N…
8:53:30 PM [vite] hmr update /src/components/product-suggestions.tsx, /src/index.css?v=SwRHMgj3Fie0aX-vNj5uT
8:53:36 PM [express] GET /api/health-criteria 200 in 21ms :: [{"id":"6f3071ea-f439-4f16-909b-aad5672…
8:53:40 PM [express] GET /api/products 304 in 2896ms :: [{"id":"3057640257773","name":"Eau Minérale …
8:57:43 PM [express] GET /api/products 200 in 1462ms :: [{"id":"5411188124689","name":"Hafer Milch",…
9:04:19 PM [express] GET /api/shopping-list 200 in 9ms :: [{"name":"wasser","quantity":"1x","complet…
9:04:19 PM [express] GET /api/supermarkets 200 in 2ms :: [{"id":"dd2a77b4-edcd-471e-8e55-1bb4a85f460…
9:04:19 PM [express] GET /api/health-criteria 200 in 5ms :: [{"id":"6f3071ea-f439-4f16-909b-aad56722…
9:04:19 PM [express] GET /api/health-criteria 304 in 8ms :: [{"id":"6f3071ea-f439-4f16-909b-aad56722…
9:04:21 PM [express] GET /api/products 200 in 1020ms :: [{"id":"3057640257773","name":"Eau Minérale …
9:04:23 PM [express] DELETE /api/shopping-list/e784167e-f892-4e25-afd3-232621b33a77 204 in 5ms
9:04:23 PM [express] GET /api/shopping-list 200 in 5ms :: []
9:04:30 PM [express] PATCH /api/health-criteria/e075e8d0-9972-4db9-b156-8e4c189e14d3 200 in 41ms :: …
9:04:30 PM [express] GET /api/health-criteria 200 in 1ms :: [{"id":"6f3071ea-f439-4f16-909b-aad56722…
9:04:31 PM [express] PATCH /api/health-criteria/f1da0be7-7bd5-4099-a2ee-90d142afdc66 200 in 2ms :: {…
9:04:31 PM [express] GET /api/health-criteria 200 in 2ms :: [{"id":"6f3071ea-f439-4f16-909b-aad56722…
9:04:40 PM [express] POST /api/shopping-list 201 in 12ms :: {"name":"brot","quantity":"1x","complete…
9:04:40 PM [express] GET /api/shopping-list 200 in 4ms :: [{"name":"brot","quantity":"1x","completed…
9:04:40 PM [express] GET /api/health-criteria 304 in 1ms :: [{"id":"6f3071ea-f439-4f16-909b-aad56722…
9:04:42 PM [express] GET /api/products 200 in 1535ms :: [{"id":"41005514","name":"Whole Grain Rye Br…
9:10:51 PM [express] PATCH /api/shopping-list/c77a737a-2eb9-4bf6-8a47-dad40097111e 200 in 6ms :: {"n…
9:10:51 PM [express] GET /api/shopping-list 200 in 4ms :: [{"name":"Pain AMS complet","quantity":"1x…
9:10:52 PM [express] GET /api/products 200 in 861ms :: [{"id":"3228857000906","name":"Pain AMS compl…
9:11:03 PM [express] PATCH /api/health-criteria/e075e8d0-9972-4db9-b156-8e4c189e14d3 200 in 3ms :: {…
9:11:03 PM [express] GET /api/health-criteria 200 in 2ms :: [{"id":"6f3071ea-f439-4f16-909b-aad56722…
9:11:04 PM [express] PATCH /api/health-criteria/c27abc57-8979-4d1c-851d-460ef6756f86 200 in 6ms :: {…
9:11:04 PM [express] GET /api/health-criteria 200 in 1ms :: [{"id":"6f3071ea-f439-4f16-909b-aad56722…
9:11:06 PM [express] PATCH /api/health-criteria/32279a5d-9d18-4833-abe4-60f01162ba60 200 in 3ms :: {…
9:11:06 PM [express] GET /api/health-criteria 200 in 3ms :: [{"id":"6f3071ea-f439-4f16-909b-aad56722…
9:11:07 PM [express] PATCH /api/health-criteria/f1da0be7-7bd5-4099-a2ee-90d142afdc66 200 in 1ms :: {…
9:11:07 PM [express] GET /api/health-criteria 200 in 4ms :: [{"id":"6f3071ea-f439-4f16-909b-aad56722…
9:11:10 PM [express] DELETE /api/shopping-list/c77a737a-2eb9-4bf6-8a47-dad40097111e 204 in 1ms
9:11:10 PM [express] GET /api/shopping-list 200 in 3ms :: []
9:11:18 PM [express] POST /api/shopping-list 201 in 3ms :: {"name":"mehl","quantity":"1x","completed…
9:11:18 PM [express] GET /api/shopping-list 200 in 3ms :: [{"name":"mehl","quantity":"1x","completed…
9:11:18 PM [express] GET /api/health-criteria 304 in 7ms :: [{"id":"6f3071ea-f439-4f16-909b-aad56722…
9:11:19 PM [express] GET /api/products 200 in 1317ms :: [{"id":"20003142","name":"Mehl Weizenmehl Ty…
9:18:33 PM [vite] hmr update /src/App.tsx?v=SwRHMgj3Fie0aX-vNj5uT, /src/index.css?v=SwRHMgj3Fie0aX-vNj5uT
9:18:38 PM [express] GET /api/health-criteria 200 in 10ms :: [{"id":"6f3071ea-f439-4f16-909b-aad5672…
9:18:40 PM [express] GET /api/products 200 in 1570ms :: [{"id":"20003142","name":"Mehl Weizenmehl Ty…
9:18:49 PM [vite] hmr update /src/components/filter-controls.tsx, /src/index.css?v=SwRHMgj3Fie0aX-vNj5uT
9:18:56 PM [vite] hmr update /src/components/product-suggestions.tsx, /src/index.css?v=SwRHMgj3Fie0aX-vNj5uT
9:19:02 PM [express] GET /api/products 200 in 1722ms :: [{"id":"20003142","name":"Mehl Weizenmehl Ty…
9:22:01 PM [express] GET /api/shopping-list 304 in 2ms :: [{"name":"mehl","quantity":"1x","completed…
9:22:01 PM [express] GET /api/supermarkets 304 in 3ms :: [{"id":"dd2a77b4-edcd-471e-8e55-1bb4a85f460…
9:22:01 PM [express] GET /api/health-criteria 304 in 3ms :: [{"id":"6f3071ea-f439-4f16-909b-aad56722…
9:22:03 PM [express] GET /api/products 304 in 937ms :: [{"id":"20003142","name":"Mehl Weizenmehl Typ…
9:22:06 PM [express] DELETE /api/shopping-list/c27d3807-9b43-4475-bab0-b150b5ebf1de 204 in 7ms
9:22:06 PM [express] GET /api/shopping-list 200 in 8ms :: []
9:22:16 PM [express] POST /api/shopping-list 201 in 4ms :: {"name":"hähnchen","quantity":"1x","compl…
9:22:16 PM [express] GET /api/shopping-list 200 in 7ms :: [{"name":"hähnchen","quantity":"1x","compl…
9:22:17 PM [express] GET /api/products 200 in 1028ms :: [{"id":"4316268474917","name":"Hähnchen Brus…
9:25:24 PM [express] GET /api/shopping-list 304 in 6ms :: [{"name":"hähnchen","quantity":"1x","compl…
9:25:24 PM [express] GET /api/supermarkets 304 in 31ms :: [{"id":"dd2a77b4-edcd-471e-8e55-1bb4a85f46…
9:25:24 PM [express] GET /api/health-criteria 304 in 7ms :: [{"id":"6f3071ea-f439-4f16-909b-aad56722…
9:25:26 PM [express] GET /api/products 304 in 791ms :: [{"id":"4316268474917","name":"Hähnchen Brust…
9:28:49 PM [vite] hmr update /src/components/product-suggestions.tsx, /src/index.css?v=SwRHMgj3Fie0aX-vNj5uT
9:44:39 AM [vite] hmr update /src/components/product-suggestions.tsx, /src/index.css?v=SwRHMgj3Fie0aX-vNj5uT
9:46:49 AM [express] GET /api/shopping-list 200 in 13ms :: [{"name":"hähnchen","quantity":"1x","comp…
9:46:49 AM [express] GET /api/supermarkets 200 in 8ms :: [{"id":"dd2a77b4-edcd-471e-8e55-1bb4a85f460…
9:46:49 AM [express] GET /api/health-criteria 200 in 12ms :: [{"id":"6f3071ea-f439-4f16-909b-aad5672…
9:46:51 AM [express] GET /api/products 200 in 1028ms :: [{"id":"4316268474917","name":"Hähnchen Brus…
9:48:02 AM [express] PATCH /api/shopping-list/d99809e3-332c-4c8e-8229-1435cd0b7be3 200 in 0ms :: {"n…
9:48:02 AM [express] GET /api/shopping-list 200 in 1ms :: [{"name":"Hähnchen Brustfilet Roulade","qu…
9:48:03 AM [express] GET /api/products 200 in 468ms :: [{"id":"4316268474917","name":"Hähnchen Brust…
9:49:33 AM [express] PATCH /api/health-criteria/eb767a5c-cb92-4ee7-8b83-b11c52ee8aa8 200 in 1ms :: {…
9:49:33 AM [express] GET /api/health-criteria 200 in 2ms :: [{"id":"6f3071ea-f439-4f16-909b-aad56722…
9:49:34 AM [express] GET /api/products 200 in 647ms :: [{"id":"4316268474917","name":"Hähnchen Brust…
9:49:35 AM [express] PATCH /api/health-criteria/6f3071ea-f439-4f16-909b-aad5672280fc 200 in 1ms :: {…
9:49:35 AM [express] GET /api/health-criteria 200 in 1ms :: [{"id":"6f3071ea-f439-4f16-909b-aad56722…
9:49:36 AM [express] GET /api/products 200 in 102ms :: [{"id":"4316268474917","name":"Hähnchen Brust…
9:49:37 AM [express] PATCH /api/health-criteria/e075e8d0-9972-4db9-b156-8e4c189e14d3 200 in 0ms :: {…
9:49:37 AM [express] GET /api/health-criteria 200 in 0ms :: [{"id":"6f3071ea-f439-4f16-909b-aad56722…
9:49:38 AM [express] GET /api/products 200 in 667ms :: [{"id":"4316268474917","name":"Hähnchen Brust…
9:49:38 AM [express] PATCH /api/health-criteria/c27abc57-8979-4d1c-851d-460ef6756f86 200 in 1ms :: {…
9:49:38 AM [express] GET /api/health-criteria 200 in 1ms :: [{"id":"6f3071ea-f439-4f16-909b-aad56722…
9:49:39 AM [express] GET /api/products 200 in 102ms :: [{"id":"4316268474917","name":"Hähnchen Brust…
9:49:40 AM [express] PATCH /api/health-criteria/32279a5d-9d18-4833-abe4-60f01162ba60 200 in 1ms :: {…
9:49:40 AM [express] GET /api/health-criteria 200 in 0ms :: [{"id":"6f3071ea-f439-4f16-909b-aad56722…
9:49:40 AM [express] GET /api/products 200 in 123ms :: [{"id":"4316268474917","name":"Hähnchen Brust…
9:49:41 AM [express] PATCH /api/health-criteria/f1da0be7-7bd5-4099-a2ee-90d142afdc66 200 in 0ms :: {…
9:49:41 AM [express] GET /api/health-criteria 200 in 0ms :: [{"id":"6f3071ea-f439-4f16-909b-aad56722…
9:49:42 AM [express] GET /api/products 200 in 106ms :: [{"id":"4316268474917","name":"Hähnchen Brust…
9:53:43 AM [express] GET /api/health-criteria 304 in 1ms :: [{"id":"6f3071ea-f439-4f16-909b-aad56722…
9:53:48 AM [express] GET /api/shopping-list 304 in 0ms :: [{"name":"Hähnchen Brustfilet Roulade","qu…
9:53:48 AM [express] GET /api/supermarkets 304 in 0ms :: [{"id":"dd2a77b4-edcd-471e-8e55-1bb4a85f460…
9:53:48 AM [express] GET /api/health-criteria 304 in 0ms :: [{"id":"6f3071ea-f439-4f16-909b-aad56722…
9:53:49 AM [express] GET /api/products 304 in 398ms :: [{"id":"4316268474917","name":"Hähnchen Brust…
9:53:51 AM [express] GET /api/shopping-list 304 in 2ms :: [{"name":"Hähnchen Brustfilet Roulade","qu…
9:53:51 AM [express] GET /api/supermarkets 304 in 1ms :: [{"id":"dd2a77b4-edcd-471e-8e55-1bb4a85f460…
9:53:51 AM [express] GET /api/health-criteria 304 in 0ms :: [{"id":"6f3071ea-f439-4f16-909b-aad56722…
9:53:51 AM [express] GET /api/products 304 in 108ms :: [{"id":"4316268474917","name":"Hähnchen Brust…
9:53:53 AM [express] GET /api/health-criteria 304 in 1ms :: [{"id":"6f3071ea-f439-4f16-909b-aad56722…
9:53:55 AM [express] GET /api/shopping-list 304 in 1ms :: [{"name":"Hähnchen Brustfilet Roulade","qu…
9:53:55 AM [express] GET /api/supermarkets 304 in 0ms :: [{"id":"dd2a77b4-edcd-471e-8e55-1bb4a85f460…
9:53:55 AM [express] GET /api/health-criteria 304 in 0ms :: [{"id":"6f3071ea-f439-4f16-909b-aad56722…
9:53:55 AM [express] GET /api/products 200 in 315ms :: [{"id":"4316268474917","name":"Hähnchen Brust…
9:56:28 AM [express] GET /api/health-criteria 304 in 2ms :: [{"id":"6f3071ea-f439-4f16-909b-aad56722…
7:38:47 PM [express] GET /api/products 304 in 1527ms :: [{"id":"4316268474917","name":"Hähnchen Brus…
7:38:52 PM [express] DELETE /api/shopping-list/d99809e3-332c-4c8e-8229-1435cd0b7be3 204 in 6ms
7:38:52 PM [express] GET /api/shopping-list 200 in 7ms :: []
Hangup
